============================================================
  Generated by:           Genus(TM) Synthesis Solution 22.16-s078_1
  Generated on:           Sep 24 2026  02:06:12 am
  Module:                 lstm_network
  Operating conditions:   PVT_1P32V_0C (balanced_tree)
  Wireload mode:          enclosed
  Area mode:              timing library
============================================================

Timing
--------

Clock  Period 
--------------
clock 10000.0 


  Cost    Critical         Violating 
 Group   Path Slack  TNS     Paths   
-------------------------------------
clock           0.0   0.0          0 
default    No paths   0.0            
-------------------------------------
Total                 0.0          0 

Instance Count
--------------
Leaf Instance Count             795107 
Physical Instance count              0 
Sequential Instance Count       133661 
Combinational Instance Count    661446 
Hierarchical Instance Count         30 

Area
----
Cell Area                          2168821.044
Physical Cell Area                 0.000
Total Cell Area (Cell+Physical)    2168821.044
Net Area                           0.000
Total Area (Cell+Physical+Net)     2168821.044

Max Fanout                         133661 (clk)
Min Fanout                         0 (lstm_inst/cell_inst/GEN_LSTM_NEURONS[0].neuron/tanh_cell/mul_79_23_n_2428)
Average Fanout                     2.7
Terms to net ratio                 3.7013
Terms to instance ratio            3.8334
Runtime                            24202.626241000024 seconds
Elapsed Runtime                    23691 seconds
Genus peak memory usage            7773.21 
Innovus peak memory usage          no_value 
Hostname                           saitama
