============================================================
  Generated by:           Genus(TM) Synthesis Solution 22.16-s078_1
  Generated on:           Sep 24 2026  02:06:12 am
  Module:                 lstm_network
  Operating conditions:   PVT_1P32V_0C (balanced_tree)
  Wireload mode:          enclosed
  Area mode:              timing library
============================================================

            Instance                                   Module                        Cell Count   Cell Area  Net Area   Total Area   Wireload  
-----------------------------------------------------------------------------------------------------------------------------------------------
lstm_network                                                                             795107 2168821.044     0.000  2168821.044 <none> (D)  
  wb                             weight_bank_WIDTH32_MAX_SIZE4096                        367593 1270170.216     0.000  1270170.216 <none> (D)  
  lstm_inst                      lstm_layer_N_INPUTS4_N_HIDDEN2_N_TIMESTEPS5_WIDTH3      394778  799954.074     0.000   799954.074 <none> (D)  
    cell_inst                    lstm_cell_N_INPUTS4_N_HIDDEN2_WIDTH32_FRAC24            393294  795809.291     0.000   795809.291 <none> (D)  
      GEN_LSTM_NEURONS[0].neuron lstm_cell_neuron_N_INPUTS4_N_HIDDEN2_WIDTH32_FRAC2      196889  398094.772     0.000   398094.772 <none> (D)  
        mac_i                    mac_N6_WIDTH32_FRAC24_3                                  22445   44398.372     0.000    44398.372 <none> (D)  
        sig_f                    sigmoid_WIDTH32_FRAC24                                   23583   47270.180     0.000    47270.180 <none> (D)  
        sig_o                    sigmoid_WIDTH32_FRAC24_2                                 11590   26693.442     0.000    26693.442 <none> (D)  
        mac_c                    mac_N6_WIDTH32_FRAC24                                    27942   52410.132     0.000    52410.132 <none> (D)  
        mac_f                    mac_N6_WIDTH32_FRAC24_1                                  25396   48849.621     0.000    48849.621 <none> (D)  
        mac_o                    mac_N6_WIDTH32_FRAC24_2                                  13137   31873.032     0.000    31873.032 <none> (D)  
        tanh_cell                tanh_WIDTH32_FRAC24_1                                    22541   44022.018     0.000    44022.018 <none> (D)  
        tanh_c                   tanh_WIDTH32_FRAC24                                      22628   45083.090     0.000    45083.090 <none> (D)  
        sig_i                    sigmoid_WIDTH32_FRAC24_1                                 19367   39967.813     0.000    39967.813 <none> (D)  
      GEN_LSTM_NEURONS[1].neuron lstm_cell_neuron_N_INPUTS4_N_HIDDEN2_WIDTH32_FRAC2      196403  397708.363     0.000   397708.363 <none> (D)  
        mac_c                    mac_N6_WIDTH32_FRAC24_7                                  27835   52362.235     0.000    52362.235 <none> (D)  
        sig_f                    sigmoid_WIDTH32_FRAC24_4                                 23594   47349.609     0.000    47349.609 <none> (D)  
        sig_o                    sigmoid_WIDTH32_FRAC24_5                                 11335   26282.700     0.000    26282.700 <none> (D)  
        tanh_cell                tanh_WIDTH32_FRAC24_3                                    22522   44113.999     0.000    44113.999 <none> (D)  
        tanh_c                   tanh_WIDTH32_FRAC24_2                                    22709   45194.206     0.000    45194.206 <none> (D)  
        sig_i                    sigmoid_WIDTH32_FRAC24_3                                 19353   39891.478     0.000    39891.478 <none> (D)  
        mac_f                    mac_N6_WIDTH32_FRAC24_5                                  25420   48868.106     0.000    48868.106 <none> (D)  
        mac_i                    mac_N6_WIDTH32_FRAC24_4                                  22430   44393.173     0.000    44393.173 <none> (D)  
        mac_o                    mac_N6_WIDTH32_FRAC24_6                                  13134   31873.374     0.000    31873.374 <none> (D)  
  out_inst                       sigmoid_layer_N_INPUTS4_N_NEURONS1_WIDTH32_FRAC24        16224   42375.510     0.000    42375.510 <none> (D)  
    GEN_NEURONS[0].neuron        perceptron_sigmoid_N4_WIDTH32_FRAC24                     16224   42375.510     0.000    42375.510 <none> (D)  
  relu_inst                      relu_layer_N_INPUTS2_N_NEURONS4_WIDTH32_FRAC24           13832   37094.688     0.000    37094.688 <none> (D)  
    GEN_NEURONS[0].neuron        perceptron_relu_N2_WIDTH32_FRAC24                         3458    9273.672     0.000     9273.672 <none> (D)  
    GEN_NEURONS[1].neuron        perceptron_relu_N2_WIDTH32_FRAC24_1                       3458    9273.672     0.000     9273.672 <none> (D)  
    GEN_NEURONS[2].neuron        perceptron_relu_N2_WIDTH32_FRAC24_2                       3458    9273.672     0.000     9273.672 <none> (D)  
    GEN_NEURONS[3].neuron        perceptron_relu_N2_WIDTH32_FRAC24_3                       3458    9273.672     0.000     9273.672 <none> (D)  
  (D) = wireload is default in technology library
