============================================================
  Generated by:           Genus(TM) Synthesis Solution 22.16-s078_1
  Generated on:           Sep 10 2026  07:28:12 am
  Module:                 lstm_network
  Operating conditions:   PVT_1P32V_0C (balanced_tree)
  Wireload mode:          enclosed
  Area mode:              timing library
============================================================

            Instance                                   Module                        Cell Count   Cell Area  Net Area   Total Area   Wireload  
-----------------------------------------------------------------------------------------------------------------------------------------------
lstm_network                                                                            2795793 6384673.392     0.000  6384673.392 <none> (D)  
  wb                             weight_bank_WIDTH32_MAX_SIZE4096                        370210 1274058.756     0.000  1274058.756 <none> (D)  
  relu_inst                      relu_layer_N_INPUTS8_N_NEURONS8_WIDTH32_FRAC24          111668  298856.016     0.000   298856.016 <none> (D)  
    GEN_NEURONS[0].neuron        perceptron_relu_N8_WIDTH32_FRAC24                        13784   37048.176     0.000    37048.176 <none> (D)  
    GEN_NEURONS[6].neuron        perceptron_relu_N8_WIDTH32_FRAC24_6                      13784   37048.176     0.000    37048.176 <none> (D)  
    GEN_NEURONS[1].neuron        perceptron_relu_N8_WIDTH32_FRAC24_1                      13784   37048.176     0.000    37048.176 <none> (D)  
    GEN_NEURONS[7].neuron        perceptron_relu_N8_WIDTH32_FRAC24_7                      13784   37048.176     0.000    37048.176 <none> (D)  
    GEN_NEURONS[2].neuron        perceptron_relu_N8_WIDTH32_FRAC24_2                      13784   37048.176     0.000    37048.176 <none> (D)  
    GEN_NEURONS[3].neuron        perceptron_relu_N8_WIDTH32_FRAC24_3                      13784   37048.176     0.000    37048.176 <none> (D)  
    GEN_NEURONS[4].neuron        perceptron_relu_N8_WIDTH32_FRAC24_4                      13784   37048.176     0.000    37048.176 <none> (D)  
    GEN_NEURONS[5].neuron        perceptron_relu_N8_WIDTH32_FRAC24_5                      13784   37048.176     0.000    37048.176 <none> (D)  
  lstm_inst                      lstm_layer_N_INPUTS4_N_HIDDEN8_N_TIMESTEPS120_WIDT     2273005 4617970.818     0.000  4617970.818 <none> (D)  
    cell_inst                    lstm_cell_N_INPUTS4_N_HIDDEN8_WIDTH32_FRAC24           2257257 4585199.763     0.000  4585199.763 <none> (D)  
      GEN_LSTM_NEURONS[0].neuron lstm_cell_neuron_N_INPUTS4_N_HIDDEN8_WIDTH32_FRAC2      283080  573432.871     0.000   573432.871 <none> (D)  
        mac_c                    mac_N12_WIDTH32_FRAC24                                   52295  100641.144     0.000   100641.144 <none> (D)  
        mac_i                    mac_N12_WIDTH32_FRAC24_3                                 49224   95836.471     0.000    95836.471 <none> (D)  
        sig_i                    sigmoid_WIDTH32_FRAC24_1                                 16089   33674.722     0.000    33674.722 <none> (D)  
        tanh_cell                tanh_WIDTH32_FRAC24_1                                    22767   43738.859     0.000    43738.859 <none> (D)  
        sig_o                    sigmoid_WIDTH32_FRAC24_2                                 11547   26664.714     0.000    26664.714 <none> (D)  
        mac_f                    mac_N12_WIDTH32_FRAC24_1                                 49619   96283.807     0.000    96283.807 <none> (D)  
        tanh_c                   tanh_WIDTH32_FRAC24                                      24840   49596.105     0.000    49596.105 <none> (D)  
        sig_f                    sigmoid_WIDTH32_FRAC24                                   23176   45877.932     0.000    45877.932 <none> (D)  
        mac_o                    mac_N12_WIDTH32_FRAC24_2                                 24896   62381.142     0.000    62381.142 <none> (D)  
      GEN_LSTM_NEURONS[1].neuron lstm_cell_neuron_N_INPUTS4_N_HIDDEN8_WIDTH32_FRAC2      283410  574086.279     0.000   574086.279 <none> (D)  
        tanh_c                   tanh_WIDTH32_FRAC24_2                                    24844   49710.333     0.000    49710.333 <none> (D)  
        mac_o                    mac_N12_WIDTH32_FRAC24_6                                 24897   62389.076     0.000    62389.076 <none> (D)  
        sig_i                    sigmoid_WIDTH32_FRAC24_3                                 16315   33949.724     0.000    33949.724 <none> (D)  
        mac_i                    mac_N12_WIDTH32_FRAC24_4                                 49243   95967.389     0.000    95967.389 <none> (D)  
        sig_o                    sigmoid_WIDTH32_FRAC24_5                                 11473   26553.632     0.000    26553.632 <none> (D)  
        mac_c                    mac_N12_WIDTH32_FRAC24_7                                 52485  101088.394     0.000   101088.394 <none> (D)  
        mac_f                    mac_N12_WIDTH32_FRAC24_5                                 49726   96458.518     0.000    96458.518 <none> (D)  
        tanh_cell                tanh_WIDTH32_FRAC24_3                                    22918   43939.732     0.000    43939.732 <none> (D)  
        sig_f                    sigmoid_WIDTH32_FRAC24_4                                 22313   44629.871     0.000    44629.871 <none> (D)  
      GEN_LSTM_NEURONS[2].neuron lstm_cell_neuron_N_INPUTS4_N_HIDDEN8_WIDTH32_FRAC2      282896  573164.093     0.000   573164.093 <none> (D)  
        mac_i                    mac_N12_WIDTH32_FRAC24_8                                 49354   96080.317     0.000    96080.317 <none> (D)  
        mac_o                    mac_N12_WIDTH32_FRAC24_10                                24255   61937.226     0.000    61937.226 <none> (D)  
        mac_c                    mac_N12_WIDTH32_FRAC24_11                                52169  100602.823     0.000   100602.823 <none> (D)  
        sig_o                    sigmoid_WIDTH32_FRAC24_8                                 11529   26486.532     0.000    26486.532 <none> (D)  
        tanh_cell                tanh_WIDTH32_FRAC24_5                                    23083   44269.369     0.000    44269.369 <none> (D)  
        tanh_c                   tanh_WIDTH32_FRAC24_4                                    24032   48384.929     0.000    48384.929 <none> (D)  
        mac_f                    mac_N12_WIDTH32_FRAC24_9                                 49677   96379.824     0.000    96379.824 <none> (D)  
        sig_i                    sigmoid_WIDTH32_FRAC24_6                                 16376   34005.949     0.000    34005.949 <none> (D)  
        sig_f                    sigmoid_WIDTH32_FRAC24_7                                 23243   45746.963     0.000    45746.963 <none> (D)  
      GEN_LSTM_NEURONS[3].neuron lstm_cell_neuron_N_INPUTS4_N_HIDDEN8_WIDTH32_FRAC2      283448  574401.842     0.000   574401.842 <none> (D)  
        mac_i                    mac_N12_WIDTH32_FRAC24_12                                49254   95959.249     0.000    95959.249 <none> (D)  
        mac_o                    mac_N12_WIDTH32_FRAC24_14                                24895   62380.800     0.000    62380.800 <none> (D)  
        sig_f                    sigmoid_WIDTH32_FRAC24_10                                22596   45115.511     0.000    45115.511 <none> (D)  
        mac_f                    mac_N12_WIDTH32_FRAC24_13                                49685   96490.307     0.000    96490.307 <none> (D)  
        mac_c                    mac_N12_WIDTH32_FRAC24_15                                52283  100958.366     0.000   100958.366 <none> (D)  
        tanh_c                   tanh_WIDTH32_FRAC24_6                                    25066   49855.819     0.000    49855.819 <none> (D)  
        sig_i                    sigmoid_WIDTH32_FRAC24_9                                 16346   34043.005     0.000    34043.005 <none> (D)  
        tanh_cell                tanh_WIDTH32_FRAC24_7                                    22905   43855.207     0.000    43855.207 <none> (D)  
        sig_o                    sigmoid_WIDTH32_FRAC24_11                                11495   26545.424     0.000    26545.424 <none> (D)  
      GEN_LSTM_NEURONS[4].neuron lstm_cell_neuron_N_INPUTS4_N_HIDDEN8_WIDTH32_FRAC2      280655  571582.873     0.000   571582.873 <none> (D)  
        tanh_cell                tanh_WIDTH32_FRAC24_9                                    22770   43733.524     0.000    43733.524 <none> (D)  
        tanh_c                   tanh_WIDTH32_FRAC24_8                                    24060   48562.923     0.000    48562.923 <none> (D)  
        sig_i                    sigmoid_WIDTH32_FRAC24_12                                16016   33592.334     0.000    33592.334 <none> (D)  
        mac_i                    mac_N12_WIDTH32_FRAC24_16                                47565   95126.342     0.000    95126.342 <none> (D)  
        sig_o                    sigmoid_WIDTH32_FRAC24_14                                11455   26560.472     0.000    26560.472 <none> (D)  
        mac_c                    mac_N12_WIDTH32_FRAC24_19                                52332  101038.821     0.000   101038.821 <none> (D)  
        mac_f                    mac_N12_WIDTH32_FRAC24_17                                49783   96502.790     0.000    96502.790 <none> (D)  
        mac_o                    mac_N12_WIDTH32_FRAC24_18                                24907   62391.402     0.000    62391.402 <none> (D)  
        sig_f                    sigmoid_WIDTH32_FRAC24_13                                22727   44922.350     0.000    44922.350 <none> (D)  
      GEN_LSTM_NEURONS[5].neuron lstm_cell_neuron_N_INPUTS4_N_HIDDEN8_WIDTH32_FRAC2      281331  572805.557     0.000   572805.557 <none> (D)  
        mac_c                    mac_N12_WIDTH32_FRAC24_23                                52333  101145.696     0.000   101145.696 <none> (D)  
        mac_i                    mac_N12_WIDTH32_FRAC24_20                                47437   94985.507     0.000    94985.507 <none> (D)  
        sig_f                    sigmoid_WIDTH32_FRAC24_16                                23068   45418.660     0.000    45418.660 <none> (D)  
        sig_o                    sigmoid_WIDTH32_FRAC24_17                                11508   26624.084     0.000    26624.084 <none> (D)  
        mac_o                    mac_N12_WIDTH32_FRAC24_22                                24398   61815.474     0.000    61815.474 <none> (D)  
        mac_f                    mac_N12_WIDTH32_FRAC24_21                                49768   96405.559     0.000    96405.559 <none> (D)  
        tanh_cell                tanh_WIDTH32_FRAC24_11                                   22958   44028.328     0.000    44028.328 <none> (D)  
        sig_i                    sigmoid_WIDTH32_FRAC24_15                                16043   33659.418     0.000    33659.418 <none> (D)  
        tanh_c                   tanh_WIDTH32_FRAC24_10                                   24870   49564.641     0.000    49564.641 <none> (D)  
      GEN_LSTM_NEURONS[6].neuron lstm_cell_neuron_N_INPUTS4_N_HIDDEN8_WIDTH32_FRAC2      281460  573065.084     0.000   573065.084 <none> (D)  
        mac_o                    mac_N12_WIDTH32_FRAC24_26                                24901   62396.190     0.000    62396.190 <none> (D)  
        tanh_cell                tanh_WIDTH32_FRAC24_13                                   22871   43973.129     0.000    43973.129 <none> (D)  
        sig_f                    sigmoid_WIDTH32_FRAC24_19                                22269   44865.355     0.000    44865.355 <none> (D)  
        mac_i                    mac_N12_WIDTH32_FRAC24_24                                47517   95067.176     0.000    95067.176 <none> (D)  
        sig_o                    sigmoid_WIDTH32_FRAC24_20                                11335   26338.172     0.000    26338.172 <none> (D)  
        mac_c                    mac_N12_WIDTH32_FRAC24_27                                52579  101206.983     0.000   101206.983 <none> (D)  
        mac_f                    mac_N12_WIDTH32_FRAC24_25                                49762   96442.136     0.000    96442.136 <none> (D)  
        tanh_c                   tanh_WIDTH32_FRAC24_12                                   24942   49762.214     0.000    49762.214 <none> (D)  
        sig_i                    sigmoid_WIDTH32_FRAC24_18                                16180   33813.130     0.000    33813.130 <none> (D)  
      GEN_LSTM_NEURONS[7].neuron lstm_cell_neuron_N_INPUTS4_N_HIDDEN8_WIDTH32_FRAC2      279449  570883.449     0.000   570883.449 <none> (D)  
        sig_f                    sigmoid_WIDTH32_FRAC24_22                                22528   45217.804     0.000    45217.804 <none> (D)  
        mac_f                    mac_N12_WIDTH32_FRAC24_29                                49704   96491.452     0.000    96491.452 <none> (D)  
        tanh_cell                tanh_WIDTH32_FRAC24_15                                   22870   44096.386     0.000    44096.386 <none> (D)  
        tanh_c                   tanh_WIDTH32_FRAC24_14                                   23899   48235.594     0.000    48235.594 <none> (D)  
        mac_c                    mac_N12_WIDTH32_FRAC24_31                                52291  101106.537     0.000   101106.537 <none> (D)  
        mac_i                    mac_N12_WIDTH32_FRAC24_28                                47489   95019.296     0.000    95019.296 <none> (D)  
        sig_i                    sigmoid_WIDTH32_FRAC24_21                                16184   33881.444     0.000    33881.444 <none> (D)  
        sig_o                    sigmoid_WIDTH32_FRAC24_23                                11242   26202.740     0.000    26202.740 <none> (D)  
        mac_o                    mac_N12_WIDTH32_FRAC24_30                                24353   61782.300     0.000    61782.300 <none> (D)  
  out_inst                       sigmoid_layer_N_INPUTS8_N_NEURONS1_WIDTH32_FRAC24        22836   60497.406     0.000    60497.406 <none> (D)  
    GEN_NEURONS[0].neuron        perceptron_sigmoid_N8_WIDTH32_FRAC24                     22836   60497.406     0.000    60497.406 <none> (D)  
  (D) = wireload is default in technology library
