============================================================
  Generated by:           Genus(TM) Synthesis Solution 22.16-s078_1
  Generated on:           Sep 10 2026  07:28:12 am
  Module:                 lstm_network
  Operating conditions:   PVT_1P32V_0C (balanced_tree)
  Wireload mode:          enclosed
  Area mode:              timing library
============================================================

Timing
--------

Clock  Period 
--------------
clock 10000.0 


  Cost    Critical         Violating 
 Group   Path Slack  TNS     Paths   
-------------------------------------
clock           0.0   0.0          0 
default    No paths   0.0            
-------------------------------------
Total                 0.0          0 

Instance Count
--------------
Leaf Instance Count             2795793 
Physical Instance count               0 
Sequential Instance Count        147805 
Combinational Instance Count    2647988 
Hierarchical Instance Count          94 

Area
----
Cell Area                          6384673.392
Physical Cell Area                 0.000
Total Cell Area (Cell+Physical)    6384673.392
Net Area                           0.000
Total Area (Cell+Physical+Net)     6384673.392

Max Fanout                         147805 (clk)
Min Fanout                         0 (n_62976)
Average Fanout                     2.4
Terms to net ratio                 3.4390
Terms to instance ratio            3.6469
Runtime                            49903.593037999926 seconds
Elapsed Runtime                    47301 seconds
Genus peak memory usage            19165.02 
Innovus peak memory usage          no_value 
Hostname                           saitama
